npm warn Unknown env config "http-proxy". This will stop working in the next major version of npm.

> moba-core@0.4.3 check
> node tools/check.mjs

npm warn Unknown env config "http-proxy". This will stop working in the next major version of npm.

> moba-core@0.4.3 typecheck
> tsc -p tsconfig.json --noEmit && tsc -p tsconfig.core.json --noEmit

npm warn Unknown env config "http-proxy". This will stop working in the next major version of npm.

> moba-core@0.4.3 lint
> eslint .

npm warn Unknown env config "http-proxy". This will stop working in the next major version of npm.

> moba-core@0.4.3 check:deps
> node tools/check-deps.mjs

Dependencies PASS: 122 files, 399 edges; whitelist, SCC, aliases, public entry, pinned versions.
npm warn Unknown env config "http-proxy". This will stop working in the next major version of npm.

> moba-core@0.4.3 check:docs
> node tools/check-docs.mjs

Documentation PASS: 15 root/docs pairs agree; 23 current declarations match package 0.4.3/M3, blocker/base/status source and historical boundaries; milestone semantics consistent.
npm warn Unknown env config "http-proxy". This will stop working in the next major version of npm.

> moba-core@0.4.3 validate:content
> node tools/validate-content.mjs

Content PASS: schema/reference/units/attribute DAG/finite fuel/capacity/profile; 4302def2
Content PASS: schema/reference/units/attribute DAG/finite fuel/capacity/profile; f166a531
npm warn Unknown env config "http-proxy". This will stop working in the next major version of npm.

> moba-core@0.4.3 test:unit
> vitest run tests/unit tests/architecture


 RUN  v3.2.4 /workspace/scratch/258450a66912/moba-043-docs

 ✓ tests/unit/gameplay-region.test.ts (10 tests) 122ms
 ✓ tests/unit/gameplay-input.test.ts (9 tests) 95ms
 ✓ tests/unit/current-state.test.ts (13 tests) 88ms
 ✓ tests/architecture/dependencies.test.ts (7 tests) 970ms
   ✓ real import graph enforcement > checks the actual project whitelist, all resolved edges and exact installed versions  368ms
   ✓ real import graph enforcement > lint actually rejects environment-driven authority and unseeded random  589ms
 ✓ tests/unit/attributes.test.ts (2 tests) 20ms
 ✓ tests/unit/toolbar.test.ts (15 tests) 9ms
 ✓ tests/unit/milestone-status.test.ts (6 tests) 6ms
 ✓ tests/unit/foundation.test.ts (5 tests) 5ms
 ✓ tests/unit/presentation-fps.test.ts (1 test) 4ms
 ✓ tests/unit/build-info.test.ts (3 tests) 5ms
 ✓ tests/unit/input.test.ts (3 tests) 3ms
 ✓ tests/unit/clock.test.ts (3 tests) 4ms
 ✓ tests/unit/entity-store.whitebox.test.ts (3 tests) 3ms

 Test Files  13 passed (13)
      Tests  80 passed (80)
   Start at  10:00:35
   Duration  2.37s (transform 475ms, setup 0ms, collect 1.26s, tests 1.33s, environment 2ms, prepare 641ms)

npm warn Unknown env config "http-proxy". This will stop working in the next major version of npm.

> moba-core@0.4.3 test:content
> vitest run tests/content


 RUN  v3.2.4 /workspace/scratch/258450a66912/moba-043-docs

 ✓ tests/content/catalog.test.ts (9 tests) 43ms
 ✓ tests/content/m3.test.ts (3 tests) 645ms
   ✓ Area saturation emits rejection, preserves existing instances, and frees slots in P0 before same-Tick release  593ms

 Test Files  2 passed (2)
      Tests  12 passed (12)
   Start at  10:00:38
   Duration  1.13s (transform 272ms, setup 0ms, collect 635ms, tests 688ms, environment 0ms, prepare 103ms)

npm warn Unknown env config "http-proxy". This will stop working in the next major version of npm.

> moba-core@0.4.3 test:sim
> vitest run tests/simulation tests/replay tests/property


 RUN  v3.2.4 /workspace/scratch/258450a66912/moba-043-docs

 ✓ tests/simulation/m3-penetration.test.ts (15 tests) 489ms
 ✓ tests/replay/combat.test.ts (2 tests) 663ms
   ✓ debug archive retention and attribute caching do not change authoritative replay/hash  576ms
 ✓ tests/replay/m3.test.ts (2 tests) 288ms
 ✓ tests/simulation/combat-fault.whitebox.test.ts (5 tests) 163ms
 ✓ tests/simulation/m3-charges.test.ts (2 tests) 169ms
 ✓ tests/simulation/m3-space.test.ts (5 tests) 131ms
 ✓ tests/simulation/m3-interrupt.test.ts (7 tests) 145ms
 ✓ tests/property/combat-conservation.test.ts (1 test) 138ms
 ✓ tests/simulation/combat.test.ts (15 tests) 93ms
 ✓ tests/simulation/m3-actions.test.ts (4 tests) 104ms
 ✓ tests/simulation/m3-projectile-area.test.ts (3 tests) 102ms
 ✓ tests/replay/frame-rate.test.ts (4 tests) 66ms
 ✓ tests/simulation/shell.test.ts (6 tests) 12ms
 ✓ tests/simulation/session.test.ts (6 tests) 8ms

 Test Files  14 passed (14)
      Tests  77 passed (77)
   Start at  10:00:39
   Duration  3.16s (transform 415ms, setup 0ms, collect 1.32s, tests 2.57s, environment 2ms, prepare 753ms)

npm warn Unknown env config "http-proxy". This will stop working in the next major version of npm.

> moba-core@0.4.3 test:capacity
> vitest run tests/capacity tests/performance


 RUN  v3.2.4 /workspace/scratch/258450a66912/moba-043-docs

 ✓ tests/capacity/m3-capacity.test.ts (3 tests) 10649ms
   ✓ certifies 454 startup, simultaneous actions, 128 sweeps x 326 targets, 64 Areas and CC expiry  9500ms
   ✓ certifies command ingress, bounded history eviction and replay membership independently of Tick work  1135ms
 ✓ tests/performance/m3-gameplay.test.ts (1 test) 7983ms
   ✓ measures representative gameplay separately from logical maximum; three same-stream runs have identical hashes  7982ms
 ✓ tests/capacity/indexed-work.test.ts (5 tests) 2431ms
   ✓ catalog cardinality and runtime lookup work > keeps executable root and Tick work constant at 4096 formulas/effects/modifiers; only startup grows  2284ms
 ✓ tests/capacity/capacity.test.ts (11 tests) 1794ms
   ✓ full legal fanout and simultaneous capacity > overlaps all certified M2 work classes: full targets, multiple roots, Hook/Replacement, expiry, pulse, shield and regeneration  1015ms
 ✓ tests/performance/capacity.test.ts (3 tests) 94952ms
   ✓ settles the full ten-producer fixture envelope: twenty roots x 454 x three Operations  399ms
   ✓ measures the 454-target joint peak with independent expected work; all Facts and results are retained  14391ms
   ✓ settles the main Ruleset twenty-root Hook/Replacement/expiry peak using lossless Fact consumption and bounded debug retention  80161ms

 Test Files  5 passed (5)
      Tests  23 passed (23)
   Start at  10:00:43
   Duration  95.46s (transform 305ms, setup 0ms, collect 789ms, tests 117.81s, environment 1ms, prepare 254ms)

npm warn Unknown env config "http-proxy". This will stop working in the next major version of npm.

> moba-core@0.4.3 build
> npm run typecheck && vite build

npm warn Unknown env config "http-proxy". This will stop working in the next major version of npm.

> moba-core@0.4.3 typecheck
> tsc -p tsconfig.json --noEmit && tsc -p tsconfig.core.json --noEmit

vite v7.3.1 building client environment for production...
transforming...
✓ 70 modules transformed.
rendering chunks...
computing gzip size...
dist/build-info.json                0.24 kB │ gzip:   0.19 kB
dist/index.html                     1.30 kB │ gzip:   0.77 kB
dist/assets/index-BWb8wRmO.css      1.17 kB │ gzip:   0.54 kB
dist/assets/index-Bn2K0wtW.js     154.53 kB │ gzip:  49.00 kB │ map:    502.87 kB
dist/assets/phaser-DXXWZowi.js  1,208.09 kB │ gzip: 332.21 kB │ map: 10,130.75 kB

(!) Some chunks are larger than 500 kB after minification. Consider:
- Using dynamic import() to code-split the application
- Use build.rollupOptions.output.manualChunks to improve chunking: https://rollupjs.org/configuration-options/#output-manualchunks
- Adjust chunk size limit for this warning via build.chunkSizeWarningLimit.
✓ built in 4.58s
npm warn Unknown env config "http-proxy". This will stop working in the next major version of npm.

> moba-core@0.4.3 test:browser
> playwright test

[2m[WebServer] [22m(node:1364) Warning: The 'NO_COLOR' env is ignored due to the 'FORCE_COLOR' env being set.
[2m[WebServer] [22m(Use `node --trace-warnings ...` to show where the warning was created)
[2m[WebServer] [22mnpm warn Unknown env config "http-proxy". This will stop working in the next major version of npm.
