npm warn Unknown env config "http-proxy". This will stop working in the next major version of npm.

> moba-core@0.4.3 check
> node tools/check.mjs

npm warn Unknown env config "http-proxy". This will stop working in the next major version of npm.

> moba-core@0.4.3 typecheck
> tsc -p tsconfig.json --noEmit && tsc -p tsconfig.core.json --noEmit

npm warn Unknown env config "http-proxy". This will stop working in the next major version of npm.

> moba-core@0.4.3 lint
> eslint .

npm warn Unknown env config "http-proxy". This will stop working in the next major version of npm.

> moba-core@0.4.3 check:deps
> node tools/check-deps.mjs

Dependencies PASS: 122 files, 399 edges; whitelist, SCC, aliases, public entry, pinned versions.
npm warn Unknown env config "http-proxy". This will stop working in the next major version of npm.

> moba-core@0.4.3 check:docs
> node tools/check-docs.mjs

Documentation PASS: 15 root/docs pairs agree; 23 current declarations match package 0.4.3/M3, blocker/base/status source and historical boundaries; milestone semantics consistent.
npm warn Unknown env config "http-proxy". This will stop working in the next major version of npm.

> moba-core@0.4.3 validate:content
> node tools/validate-content.mjs

Content PASS: schema/reference/units/attribute DAG/finite fuel/capacity/profile; 4302def2
Content PASS: schema/reference/units/attribute DAG/finite fuel/capacity/profile; f166a531
npm warn Unknown env config "http-proxy". This will stop working in the next major version of npm.

> moba-core@0.4.3 test:unit
> vitest run tests/unit tests/architecture


 RUN  v3.2.4 /workspace/scratch/258450a66912/moba-043-docs

 ✓ tests/unit/gameplay-input.test.ts (9 tests) 95ms
 ✓ tests/unit/current-state.test.ts (12 tests) 65ms
 ✓ tests/unit/gameplay-region.test.ts (10 tests) 116ms
 ✓ tests/architecture/dependencies.test.ts (7 tests) 987ms
   ✓ real import graph enforcement > checks the actual project whitelist, all resolved edges and exact installed versions  375ms
   ✓ real import graph enforcement > lint actually rejects environment-driven authority and unseeded random  595ms
 ✓ tests/unit/attributes.test.ts (2 tests) 17ms
 ✓ tests/unit/milestone-status.test.ts (6 tests) 5ms
 ✓ tests/unit/toolbar.test.ts (15 tests) 8ms
 ✓ tests/unit/build-info.test.ts (3 tests) 5ms
 ✓ tests/unit/foundation.test.ts (5 tests) 5ms
 ✓ tests/unit/presentation-fps.test.ts (1 test) 5ms
 ✓ tests/unit/clock.test.ts (3 tests) 4ms
 ✓ tests/unit/input.test.ts (3 tests) 4ms
 ✓ tests/unit/entity-store.whitebox.test.ts (3 tests) 3ms

 Test Files  13 passed (13)
      Tests  79 passed (79)
   Start at  09:52:41
   Duration  2.35s (transform 470ms, setup 0ms, collect 1.21s, tests 1.32s, environment 2ms, prepare 644ms)

npm warn Unknown env config "http-proxy". This will stop working in the next major version of npm.

> moba-core@0.4.3 test:content
> vitest run tests/content


 RUN  v3.2.4 /workspace/scratch/258450a66912/moba-043-docs

 ✓ tests/content/catalog.test.ts (9 tests) 52ms
 ✓ tests/content/m3.test.ts (3 tests) 635ms
   ✓ Area saturation emits rejection, preserves existing instances, and frees slots in P0 before same-Tick release  578ms

 Test Files  2 passed (2)
      Tests  12 passed (12)
   Start at  09:52:44
   Duration  1.14s (transform 280ms, setup 0ms, collect 641ms, tests 687ms, environment 0ms, prepare 108ms)

npm warn Unknown env config "http-proxy". This will stop working in the next major version of npm.

> moba-core@0.4.3 test:sim
> vitest run tests/simulation tests/replay tests/property


 RUN  v3.2.4 /workspace/scratch/258450a66912/moba-043-docs

 ✓ tests/simulation/m3-penetration.test.ts (15 tests) 515ms
 ✓ tests/replay/combat.test.ts (2 tests) 745ms
   ✓ debug archive retention and attribute caching do not change authoritative replay/hash  638ms
 ✓ tests/replay/m3.test.ts (2 tests) 234ms
 ✓ tests/simulation/combat-fault.whitebox.test.ts (5 tests) 168ms
 ✓ tests/property/combat-conservation.test.ts (1 test) 141ms
 ✓ tests/simulation/m3-interrupt.test.ts (7 tests) 146ms
 ✓ tests/simulation/m3-charges.test.ts (2 tests) 151ms
 ✓ tests/simulation/combat.test.ts (15 tests) 112ms
 ✓ tests/simulation/m3-actions.test.ts (4 tests) 107ms
 ✓ tests/simulation/m3-space.test.ts (5 tests) 151ms
 ✓ tests/simulation/m3-projectile-area.test.ts (3 tests) 102ms
 ✓ tests/replay/frame-rate.test.ts (4 tests) 53ms
 ✓ tests/simulation/shell.test.ts (6 tests) 10ms
 ✓ tests/simulation/session.test.ts (6 tests) 8ms

 Test Files  14 passed (14)
      Tests  77 passed (77)
   Start at  09:52:45
   Duration  3.14s (transform 419ms, setup 0ms, collect 1.32s, tests 2.64s, environment 2ms, prepare 677ms)

npm warn Unknown env config "http-proxy". This will stop working in the next major version of npm.

> moba-core@0.4.3 test:capacity
> vitest run tests/capacity tests/performance


 RUN  v3.2.4 /workspace/scratch/258450a66912/moba-043-docs

 ✓ tests/capacity/m3-capacity.test.ts (3 tests) 11558ms
   ✓ certifies 454 startup, simultaneous actions, 128 sweeps x 326 targets, 64 Areas and CC expiry  10382ms
   ✓ certifies command ingress, bounded history eviction and replay membership independently of Tick work  1164ms
 ✓ tests/performance/m3-gameplay.test.ts (1 test) 8359ms
   ✓ measures representative gameplay separately from logical maximum; three same-stream runs have identical hashes  8358ms
 ✓ tests/capacity/indexed-work.test.ts (5 tests) 2510ms
   ✓ catalog cardinality and runtime lookup work > keeps executable root and Tick work constant at 4096 formulas/effects/modifiers; only startup grows  2331ms
 ✓ tests/capacity/capacity.test.ts (11 tests) 1965ms
   ✓ full legal fanout and simultaneous capacity > overlaps all certified M2 work classes: full targets, multiple roots, Hook/Replacement, expiry, pulse, shield and regeneration  1052ms
 ✓ tests/performance/capacity.test.ts (3 tests) 95998ms
   ✓ settles the full ten-producer fixture envelope: twenty roots x 454 x three Operations  407ms
   ✓ measures the 454-target joint peak with independent expected work; all Facts and results are retained  15110ms
   ✓ settles the main Ruleset twenty-root Hook/Replacement/expiry peak using lossless Fact consumption and bounded debug retention  80480ms

 Test Files  5 passed (5)
      Tests  23 passed (23)
   Start at  09:52:49
   Duration  96.53s (transform 328ms, setup 0ms, collect 829ms, tests 120.39s, environment 1ms, prepare 259ms)

npm warn Unknown env config "http-proxy". This will stop working in the next major version of npm.

> moba-core@0.4.3 build
> npm run typecheck && vite build

npm warn Unknown env config "http-proxy". This will stop working in the next major version of npm.

> moba-core@0.4.3 typecheck
> tsc -p tsconfig.json --noEmit && tsc -p tsconfig.core.json --noEmit

vite v7.3.1 building client environment for production...
transforming...
✓ 70 modules transformed.
rendering chunks...
computing gzip size...
dist/build-info.json                0.24 kB │ gzip:   0.19 kB
dist/index.html                     1.30 kB │ gzip:   0.77 kB
dist/assets/index-BWb8wRmO.css      1.17 kB │ gzip:   0.54 kB
dist/assets/index-Bn2K0wtW.js     154.53 kB │ gzip:  49.00 kB │ map:    502.87 kB
dist/assets/phaser-DXXWZowi.js  1,208.09 kB │ gzip: 332.21 kB │ map: 10,130.75 kB

(!) Some chunks are larger than 500 kB after minification. Consider:
- Using dynamic import() to code-split the application
- Use build.rollupOptions.output.manualChunks to improve chunking: https://rollupjs.org/configuration-options/#output-manualchunks
- Adjust chunk size limit for this warning via build.chunkSizeWarningLimit.
✓ built in 4.61s
npm warn Unknown env config "http-proxy". This will stop working in the next major version of npm.

> moba-core@0.4.3 test:browser
> playwright test

[2m[WebServer] [22m(node:1352) Warning: The 'NO_COLOR' env is ignored due to the 'FORCE_COLOR' env being set.
[2m[WebServer] [22m(Use `node --trace-warnings ...` to show where the warning was created)
[2m[WebServer] [22mnpm warn Unknown env config "http-proxy". This will stop working in the next major version of npm.
[2m[WebServer] [22m(node:1365) Warning: The 'NO_COLOR' env is ignored due to the 'FORCE_COLOR' env being set.
[2m[WebServer] [22m(Use `node --trace-warnings ...` to show where the warning was created)
[2m[WebServer] [22m
[2m[WebServer] [22m(!) Some chunks are larger than 500 kB after minification. Consider:
[2m[WebServer] [22m- Using dynamic import() to code-split the application
[2m[WebServer] [22m- Use build.rollupOptions.output.manualChunks to improve chunking: https://rollupjs.org/configuration-options/#output-manualchunks
[2m[WebServer] [22m- Adjust chunk size limit for this warning via build.chunkSizeWarningLimit.
[2m[WebServer] [22m(node:1392) Warning: The 'NO_COLOR' env is ignored due to the 'FORCE_COLOR' env being set.
[2m[WebServer] [22m(Use `node --trace-warnings ...` to show where the warning was created)
[2m[WebServer] [22mnpm warn Unknown env config "http-proxy". This will stop working in the next major version of npm.
[2m[WebServer] [22m(node:1405) Warning: The 'NO_COLOR' env is ignored due to the 'FORCE_COLOR' env being set.
[2m[WebServer] [22m(Use `node --trace-warnings ...` to show where the warning was created)

Running 21 tests using 1 worker

(node:1428) Warning: The 'NO_COLOR' env is ignored due to the 'FORCE_COLOR' env being set.
(Use `node --trace-warnings ...` to show where the warning was created)
(node:1428) Warning: The 'NO_COLOR' env is ignored due to the 'FORCE_COLOR' env being set.
(Use `node --trace-warnings ...` to show where the warning was created)
  ✘   1 [software-regression] › tests/browser/battle.spec.ts:28:1 › public debug battle composes attacks, projectile, healing/shield, Area and dash via real pointer input (3ms)
(node:1441) Warning: The 'NO_COLOR' env is ignored due to the 'FORCE_COLOR' env being set.
(Use `node --trace-warnings ...` to show where the warning was created)
(node:1441) Warning: The 'NO_COLOR' env is ignored due to the 'FORCE_COLOR' env being set.
(Use `node --trace-warnings ...` to show where the warning was created)
  ✘   2 [software-regression] › tests/browser/battle.spec.ts:58:1 › target lock uses authoritative refs; clearing a held joystick on export or lost capture stops intent (2ms)
(node:1454) Warning: The 'NO_COLOR' env is ignored due to the 'FORCE_COLOR' env being set.
(Use `node --trace-warnings ...` to show where the warning was created)
(node:1454) Warning: The 'NO_COLOR' env is ignored due to the 'FORCE_COLOR' env being set.
(Use `node --trace-warnings ...` to show where the warning was created)
  ✘   3 [software-regression] › tests/browser/battle.spec.ts:140:1 › two CDP touch contacts move and aim/cast; cancellation never spends; pointer loss cleans both contacts (2ms)
(node:1467) Warning: The 'NO_COLOR' env is ignored due to the 'FORCE_COLOR' env being set.
(Use `node --trace-warnings ...` to show where the warning was created)
(node:1467) Warning: The 'NO_COLOR' env is ignored due to the 'FORCE_COLOR' env being set.
(Use `node --trace-warnings ...` to show where the warning was created)
  ✘   4 [software-regression] › tests/browser/battle.spec.ts:213:1 › M3 pause/orientation/blur, explicit resume, 20 recreations and gameplay measurement export (3ms)
(node:1480) Warning: The 'NO_COLOR' env is ignored due to the 'FORCE_COLOR' env being set.
(Use `node --trace-warnings ...` to show where the warning was created)
(node:1480) Warning: The 'NO_COLOR' env is ignored due to the 'FORCE_COLOR' env being set.
(Use `node --trace-warnings ...` to show where the warning was created)
  ✘   5 [software-regression] › tests/browser/battle.spec.ts:279:32 › ultrawide 1503x536 gameplay A: rendered diagonal movement and multi-touch aim line follow CSS finger vectors (2ms)
(node:1493) Warning: The 'NO_COLOR' env is ignored due to the 'FORCE_COLOR' env being set.
(Use `node --trace-warnings ...` to show where the warning was created)
(node:1493) Warning: The 'NO_COLOR' env is ignored due to the 'FORCE_COLOR' env being set.
(Use `node --trace-warnings ...` to show where the warning was created)
  ✘   6 [software-regression] › tests/browser/battle.spec.ts:279:32 › ultrawide 1503x536 gameplay B: rendered diagonal movement and multi-touch aim line follow CSS finger vectors (3ms)
(node:1506) Warning: The 'NO_COLOR' env is ignored due to the 'FORCE_COLOR' env being set.
(Use `node --trace-warnings ...` to show where the warning was created)
(node:1506) Warning: The 'NO_COLOR' env is ignored due to the 'FORCE_COLOR' env being set.
(Use `node --trace-warnings ...` to show where the warning was created)
  ✘   7 [software-regression] › tests/browser/battle.spec.ts:507:32 › toolbar multitouch A: held joystick + control once, authority CC stops and held contact resumes (3ms)
(node:1519) Warning: The 'NO_COLOR' env is ignored due to the 'FORCE_COLOR' env being set.
(Use `node --trace-warnings ...` to show where the warning was created)
(node:1519) Warning: The 'NO_COLOR' env is ignored due to the 'FORCE_COLOR' env being set.
(Use `node --trace-warnings ...` to show where the warning was created)
  ✘   8 [software-regression] › tests/browser/battle.spec.ts:507:32 › toolbar multitouch B: held joystick + control once, authority CC stops and held contact resumes (3ms)
(node:1532) Warning: The 'NO_COLOR' env is ignored due to the 'FORCE_COLOR' env being set.
(Use `node --trace-warnings ...` to show where the warning was created)
(node:1532) Warning: The 'NO_COLOR' env is ignored due to the 'FORCE_COLOR' env being set.
(Use `node --trace-warnings ...` to show where the warning was created)
  ✘   9 [software-regression] › tests/browser/battle.spec.ts:606:1 › toolbar multitouch: held joystick + pause clears pointers, freezes Tick and resumes with neutral intent (2ms)
(node:1545) Warning: The 'NO_COLOR' env is ignored due to the 'FORCE_COLOR' env being set.
(Use `node --trace-warnings ...` to show where the warning was created)
(node:1545) Warning: The 'NO_COLOR' env is ignored due to the 'FORCE_COLOR' env being set.
(Use `node --trace-warnings ...` to show where the warning was created)
  ✘  10 [software-regression] › tests/browser/battle.spec.ts:669:1 › toolbar touch activation counts recreate/mode/export exactly once and emits one download (3ms)
(node:1558) Warning: The 'NO_COLOR' env is ignored due to the 'FORCE_COLOR' env being set.
(Use `node --trace-warnings ...` to show where the warning was created)
(node:1558) Warning: The 'NO_COLOR' env is ignored due to the 'FORCE_COLOR' env being set.
(Use `node --trace-warnings ...` to show where the warning was created)
  ✘  11 [software-regression] › tests/browser/battle.spec.ts:701:1 › toolbar desktop and keyboard/accessibility click each activate once; solo control still uses enemy action (3ms)
(node:1571) Warning: The 'NO_COLOR' env is ignored due to the 'FORCE_COLOR' env being set.
(Use `node --trace-warnings ...` to show where the warning was created)
(node:1571) Warning: The 'NO_COLOR' env is ignored due to the 'FORCE_COLOR' env being set.
(Use `node --trace-warnings ...` to show where the warning was created)
  ✘  12 [software-regression] › tests/browser/battle.spec.ts:737:1 › toolbar control preserves held joystick and skill contacts through a third CDP touch, without casting the held skill (3ms)
(node:1584) Warning: The 'NO_COLOR' env is ignored due to the 'FORCE_COLOR' env being set.
(Use `node --trace-warnings ...` to show where the warning was created)
(node:1584) Warning: The 'NO_COLOR' env is ignored due to the 'FORCE_COLOR' env being set.
(Use `node --trace-warnings ...` to show where the warning was created)
  ✘  13 [software-regression] › tests/browser/battle.spec.ts:816:32 › skill-control region A: 1503x536 CDP joystick + interstitial gap ignores targetLock, battlefield tap preserves lock (3ms)
(node:1597) Warning: The 'NO_COLOR' env is ignored due to the 'FORCE_COLOR' env being set.
(Use `node --trace-warnings ...` to show where the warning was created)
(node:1597) Warning: The 'NO_COLOR' env is ignored due to the 'FORCE_COLOR' env being set.
(Use `node --trace-warnings ...` to show where the warning was created)
  ✘  14 [software-regression] › tests/browser/battle.spec.ts:816:32 › skill-control region B: 1503x536 CDP joystick + interstitial gap ignores targetLock, battlefield tap preserves lock (3ms)
(node:1610) Warning: The 'NO_COLOR' env is ignored due to the 'FORCE_COLOR' env being set.
(Use `node --trace-warnings ...` to show where the warning was created)
(node:1610) Warning: The 'NO_COLOR' env is ignored due to the 'FORCE_COLOR' env being set.
(Use `node --trace-warnings ...` to show where the warning was created)
  ✘  15 [software-regression] › tests/browser/battle.spec.ts:974:1 › skill-control region: concrete bolt still previews and casts through CDP press/drag/release (3ms)
(node:1623) Warning: The 'NO_COLOR' env is ignored due to the 'FORCE_COLOR' env being set.
(Use `node --trace-warnings ...` to show where the warning was created)
(node:1623) Warning: The 'NO_COLOR' env is ignored due to the 'FORCE_COLOR' env being set.
(Use `node --trace-warnings ...` to show where the warning was created)
  ✘  16 [software-regression] › tests/browser/battle.spec.ts:1021:1 › mend shield is exactly 100 on release, pauses without expiry, and expires at release + 60 authority Ticks (3ms)
(node:1636) Warning: The 'NO_COLOR' env is ignored due to the 'FORCE_COLOR' env being set.
(Use `node --trace-warnings ...` to show where the warning was created)
(node:1636) Warning: The 'NO_COLOR' env is ignored due to the 'FORCE_COLOR' env being set.
(Use `node --trace-warnings ...` to show where the warning was created)
  ✘  17 [software-regression] › tests/browser/probe.spec.ts:7:1 › Phaser shell, pause/single-step/resume, report download and no page errors (2ms)
(node:1649) Warning: The 'NO_COLOR' env is ignored due to the 'FORCE_COLOR' env being set.
(Use `node --trace-warnings ...` to show where the warning was created)
(node:1649) Warning: The 'NO_COLOR' env is ignored due to the 'FORCE_COLOR' env being set.
(Use `node --trace-warnings ...` to show where the warning was created)
  ✘  18 [software-regression] › tests/browser/probe.spec.ts:54:1 › two real CDP touch contacts, touchcancel, blur and explicit focus recovery (2ms)
(node:1662) Warning: The 'NO_COLOR' env is ignored due to the 'FORCE_COLOR' env being set.
(Use `node --trace-warnings ...` to show where the warning was created)
(node:1662) Warning: The 'NO_COLOR' env is ignored due to the 'FORCE_COLOR' env being set.
(Use `node --trace-warnings ...` to show where the warning was created)
  ✘  19 [software-regression] › tests/browser/probe.spec.ts:103:1 › portrait pause keeps Session; empty shell, A/B and 20 recreations keep one canvas (2ms)
(node:1675) Warning: The 'NO_COLOR' env is ignored due to the 'FORCE_COLOR' env being set.
(Use `node --trace-warnings ...` to show where the warning was created)
(node:1675) Warning: The 'NO_COLOR' env is ignored due to the 'FORCE_COLOR' env being set.
(Use `node --trace-warnings ...` to show where the warning was created)
  ✘  20 [software-regression] › tests/browser/probe.spec.ts:150:1 › WebGL context loss pauses the same Session and restoration still needs explicit resume (2ms)
(node:1688) Warning: The 'NO_COLOR' env is ignored due to the 'FORCE_COLOR' env being set.
(Use `node --trace-warnings ...` to show where the warning was created)
(node:1688) Warning: The 'NO_COLOR' env is ignored due to the 'FORCE_COLOR' env being set.
(Use `node --trace-warnings ...` to show where the warning was created)
  ✘  21 [gameplay-measurement] › tests/browser/battle.spec.ts:364:1 › three alternating gameplay A/B pairs: turns, blocking, dash, projectile, cancel, CC and multitouch; exports software metrics (3ms)


  1) [software-regression] › tests/browser/battle.spec.ts:28:1 › public debug battle composes attacks, projectile, healing/shield, Area and dash via real pointer input

    Error: browserType.launch: Executable doesn't exist at /root/.cache/ms-playwright/chromium_headless_shell-1194/chrome-linux/headless_shell
    ╔═════════════════════════════════════════════════════════════════════════╗
    ║ Looks like Playwright Test or Playwright was just installed or updated. ║
    ║ Please run the following command to download new browsers:              ║
    ║                                                                         ║
    ║     npx playwright install                                              ║
    ║                                                                         ║
    ║ <3 Playwright Team                                                      ║
    ╚═════════════════════════════════════════════════════════════════════════╝

  2) [software-regression] › tests/browser/battle.spec.ts:58:1 › target lock uses authoritative refs; clearing a held joystick on export or lost capture stops intent

    Error: browserType.launch: Executable doesn't exist at /root/.cache/ms-playwright/chromium_headless_shell-1194/chrome-linux/headless_shell
    ╔═════════════════════════════════════════════════════════════════════════╗
    ║ Looks like Playwright Test or Playwright was just installed or updated. ║
    ║ Please run the following command to download new browsers:              ║
    ║                                                                         ║
    ║     npx playwright install                                              ║
    ║                                                                         ║
    ║ <3 Playwright Team                                                      ║
    ╚═════════════════════════════════════════════════════════════════════════╝

  3) [software-regression] › tests/browser/battle.spec.ts:140:1 › two CDP touch contacts move and aim/cast; cancellation never spends; pointer loss cleans both contacts

    Error: browserType.launch: Executable doesn't exist at /root/.cache/ms-playwright/chromium_headless_shell-1194/chrome-linux/headless_shell
    ╔═════════════════════════════════════════════════════════════════════════╗
    ║ Looks like Playwright Test or Playwright was just installed or updated. ║
    ║ Please run the following command to download new browsers:              ║
    ║                                                                         ║
    ║     npx playwright install                                              ║
    ║                                                                         ║
    ║ <3 Playwright Team                                                      ║
    ╚═════════════════════════════════════════════════════════════════════════╝

  4) [software-regression] › tests/browser/battle.spec.ts:213:1 › M3 pause/orientation/blur, explicit resume, 20 recreations and gameplay measurement export

    Error: browserType.launch: Executable doesn't exist at /root/.cache/ms-playwright/chromium_headless_shell-1194/chrome-linux/headless_shell
    ╔═════════════════════════════════════════════════════════════════════════╗
    ║ Looks like Playwright Test or Playwright was just installed or updated. ║
    ║ Please run the following command to download new browsers:              ║
    ║                                                                         ║
    ║     npx playwright install                                              ║
    ║                                                                         ║
    ║ <3 Playwright Team                                                      ║
    ╚═════════════════════════════════════════════════════════════════════════╝

  5) [software-regression] › tests/browser/battle.spec.ts:279:32 › ultrawide 1503x536 gameplay A: rendered diagonal movement and multi-touch aim line follow CSS finger vectors

    Error: browserType.launch: Executable doesn't exist at /root/.cache/ms-playwright/chromium_headless_shell-1194/chrome-linux/headless_shell
    ╔═════════════════════════════════════════════════════════════════════════╗
    ║ Looks like Playwright Test or Playwright was just installed or updated. ║
    ║ Please run the following command to download new browsers:              ║
    ║                                                                         ║
    ║     npx playwright install                                              ║
    ║                                                                         ║
    ║ <3 Playwright Team                                                      ║
    ╚═════════════════════════════════════════════════════════════════════════╝

  6) [software-regression] › tests/browser/battle.spec.ts:279:32 › ultrawide 1503x536 gameplay B: rendered diagonal movement and multi-touch aim line follow CSS finger vectors

    Error: browserType.launch: Executable doesn't exist at /root/.cache/ms-playwright/chromium_headless_shell-1194/chrome-linux/headless_shell
    ╔═════════════════════════════════════════════════════════════════════════╗
    ║ Looks like Playwright Test or Playwright was just installed or updated. ║
    ║ Please run the following command to download new browsers:              ║
    ║                                                                         ║
    ║     npx playwright install                                              ║
    ║                                                                         ║
    ║ <3 Playwright Team                                                      ║
    ╚═════════════════════════════════════════════════════════════════════════╝

  7) [software-regression] › tests/browser/battle.spec.ts:507:32 › toolbar multitouch A: held joystick + control once, authority CC stops and held contact resumes

    Error: browserType.launch: Executable doesn't exist at /root/.cache/ms-playwright/chromium_headless_shell-1194/chrome-linux/headless_shell
    ╔═════════════════════════════════════════════════════════════════════════╗
    ║ Looks like Playwright Test or Playwright was just installed or updated. ║
    ║ Please run the following command to download new browsers:              ║
    ║                                                                         ║
    ║     npx playwright install                                              ║
    ║                                                                         ║
    ║ <3 Playwright Team                                                      ║
    ╚═════════════════════════════════════════════════════════════════════════╝

  8) [software-regression] › tests/browser/battle.spec.ts:507:32 › toolbar multitouch B: held joystick + control once, authority CC stops and held contact resumes

    Error: browserType.launch: Executable doesn't exist at /root/.cache/ms-playwright/chromium_headless_shell-1194/chrome-linux/headless_shell
    ╔═════════════════════════════════════════════════════════════════════════╗
    ║ Looks like Playwright Test or Playwright was just installed or updated. ║
    ║ Please run the following command to download new browsers:              ║
    ║                                                                         ║
    ║     npx playwright install                                              ║
    ║                                                                         ║
    ║ <3 Playwright Team                                                      ║
    ╚═════════════════════════════════════════════════════════════════════════╝

  9) [software-regression] › tests/browser/battle.spec.ts:606:1 › toolbar multitouch: held joystick + pause clears pointers, freezes Tick and resumes with neutral intent

    Error: browserType.launch: Executable doesn't exist at /root/.cache/ms-playwright/chromium_headless_shell-1194/chrome-linux/headless_shell
    ╔═════════════════════════════════════════════════════════════════════════╗
    ║ Looks like Playwright Test or Playwright was just installed or updated. ║
    ║ Please run the following command to download new browsers:              ║
    ║                                                                         ║
    ║     npx playwright install                                              ║
    ║                                                                         ║
    ║ <3 Playwright Team                                                      ║
    ╚═════════════════════════════════════════════════════════════════════════╝

  10) [software-regression] › tests/browser/battle.spec.ts:669:1 › toolbar touch activation counts recreate/mode/export exactly once and emits one download

    Error: browserType.launch: Executable doesn't exist at /root/.cache/ms-playwright/chromium_headless_shell-1194/chrome-linux/headless_shell
    ╔═════════════════════════════════════════════════════════════════════════╗
    ║ Looks like Playwright Test or Playwright was just installed or updated. ║
    ║ Please run the following command to download new browsers:              ║
    ║                                                                         ║
    ║     npx playwright install                                              ║
    ║                                                                         ║
    ║ <3 Playwright Team                                                      ║
    ╚═════════════════════════════════════════════════════════════════════════╝

  11) [software-regression] › tests/browser/battle.spec.ts:701:1 › toolbar desktop and keyboard/accessibility click each activate once; solo control still uses enemy action

    Error: browserType.launch: Executable doesn't exist at /root/.cache/ms-playwright/chromium_headless_shell-1194/chrome-linux/headless_shell
    ╔═════════════════════════════════════════════════════════════════════════╗
    ║ Looks like Playwright Test or Playwright was just installed or updated. ║
    ║ Please run the following command to download new browsers:              ║
    ║                                                                         ║
    ║     npx playwright install                                              ║
    ║                                                                         ║
    ║ <3 Playwright Team                                                      ║
    ╚═════════════════════════════════════════════════════════════════════════╝

  12) [software-regression] › tests/browser/battle.spec.ts:737:1 › toolbar control preserves held joystick and skill contacts through a third CDP touch, without casting the held skill

    Error: browserType.launch: Executable doesn't exist at /root/.cache/ms-playwright/chromium_headless_shell-1194/chrome-linux/headless_shell
    ╔═════════════════════════════════════════════════════════════════════════╗
    ║ Looks like Playwright Test or Playwright was just installed or updated. ║
    ║ Please run the following command to download new browsers:              ║
    ║                                                                         ║
    ║     npx playwright install                                              ║
    ║                                                                         ║
    ║ <3 Playwright Team                                                      ║
    ╚═════════════════════════════════════════════════════════════════════════╝

  13) [software-regression] › tests/browser/battle.spec.ts:816:32 › skill-control region A: 1503x536 CDP joystick + interstitial gap ignores targetLock, battlefield tap preserves lock

    Error: browserType.launch: Executable doesn't exist at /root/.cache/ms-playwright/chromium_headless_shell-1194/chrome-linux/headless_shell
    ╔═════════════════════════════════════════════════════════════════════════╗
    ║ Looks like Playwright Test or Playwright was just installed or updated. ║
    ║ Please run the following command to download new browsers:              ║
    ║                                                                         ║
    ║     npx playwright install                                              ║
    ║                                                                         ║
    ║ <3 Playwright Team                                                      ║
    ╚═════════════════════════════════════════════════════════════════════════╝

  14) [software-regression] › tests/browser/battle.spec.ts:816:32 › skill-control region B: 1503x536 CDP joystick + interstitial gap ignores targetLock, battlefield tap preserves lock

    Error: browserType.launch: Executable doesn't exist at /root/.cache/ms-playwright/chromium_headless_shell-1194/chrome-linux/headless_shell
    ╔═════════════════════════════════════════════════════════════════════════╗
    ║ Looks like Playwright Test or Playwright was just installed or updated. ║
    ║ Please run the following command to download new browsers:              ║
    ║                                                                         ║
    ║     npx playwright install                                              ║
    ║                                                                         ║
    ║ <3 Playwright Team                                                      ║
    ╚═════════════════════════════════════════════════════════════════════════╝

  15) [software-regression] › tests/browser/battle.spec.ts:974:1 › skill-control region: concrete bolt still previews and casts through CDP press/drag/release

    Error: browserType.launch: Executable doesn't exist at /root/.cache/ms-playwright/chromium_headless_shell-1194/chrome-linux/headless_shell
    ╔═════════════════════════════════════════════════════════════════════════╗
    ║ Looks like Playwright Test or Playwright was just installed or updated. ║
    ║ Please run the following command to download new browsers:              ║
    ║                                                                         ║
    ║     npx playwright install                                              ║
    ║                                                                         ║
    ║ <3 Playwright Team                                                      ║
    ╚═════════════════════════════════════════════════════════════════════════╝

  16) [software-regression] › tests/browser/battle.spec.ts:1021:1 › mend shield is exactly 100 on release, pauses without expiry, and expires at release + 60 authority Ticks

    Error: browserType.launch: Executable doesn't exist at /root/.cache/ms-playwright/chromium_headless_shell-1194/chrome-linux/headless_shell
    ╔═════════════════════════════════════════════════════════════════════════╗
    ║ Looks like Playwright Test or Playwright was just installed or updated. ║
    ║ Please run the following command to download new browsers:              ║
    ║                                                                         ║
    ║     npx playwright install                                              ║
    ║                                                                         ║
    ║ <3 Playwright Team                                                      ║
    ╚═════════════════════════════════════════════════════════════════════════╝

  17) [software-regression] › tests/browser/probe.spec.ts:7:1 › Phaser shell, pause/single-step/resume, report download and no page errors

    Error: browserType.launch: Executable doesn't exist at /root/.cache/ms-playwright/chromium_headless_shell-1194/chrome-linux/headless_shell
    ╔═════════════════════════════════════════════════════════════════════════╗
    ║ Looks like Playwright Test or Playwright was just installed or updated. ║
    ║ Please run the following command to download new browsers:              ║
    ║                                                                         ║
    ║     npx playwright install                                              ║
    ║                                                                         ║
    ║ <3 Playwright Team                                                      ║
    ╚═════════════════════════════════════════════════════════════════════════╝

  18) [software-regression] › tests/browser/probe.spec.ts:54:1 › two real CDP touch contacts, touchcancel, blur and explicit focus recovery

    Error: browserType.launch: Executable doesn't exist at /root/.cache/ms-playwright/chromium_headless_shell-1194/chrome-linux/headless_shell
    ╔═════════════════════════════════════════════════════════════════════════╗
    ║ Looks like Playwright Test or Playwright was just installed or updated. ║
    ║ Please run the following command to download new browsers:              ║
    ║                                                                         ║
    ║     npx playwright install                                              ║
    ║                                                                         ║
    ║ <3 Playwright Team                                                      ║
    ╚═════════════════════════════════════════════════════════════════════════╝

  19) [software-regression] › tests/browser/probe.spec.ts:103:1 › portrait pause keeps Session; empty shell, A/B and 20 recreations keep one canvas

    Error: browserType.launch: Executable doesn't exist at /root/.cache/ms-playwright/chromium_headless_shell-1194/chrome-linux/headless_shell
    ╔═════════════════════════════════════════════════════════════════════════╗
    ║ Looks like Playwright Test or Playwright was just installed or updated. ║
    ║ Please run the following command to download new browsers:              ║
    ║                                                                         ║
    ║     npx playwright install                                              ║
    ║                                                                         ║
    ║ <3 Playwright Team                                                      ║
    ╚═════════════════════════════════════════════════════════════════════════╝

  20) [software-regression] › tests/browser/probe.spec.ts:150:1 › WebGL context loss pauses the same Session and restoration still needs explicit resume

    Error: browserType.launch: Executable doesn't exist at /root/.cache/ms-playwright/chromium_headless_shell-1194/chrome-linux/headless_shell
    ╔═════════════════════════════════════════════════════════════════════════╗
    ║ Looks like Playwright Test or Playwright was just installed or updated. ║
    ║ Please run the following command to download new browsers:              ║
    ║                                                                         ║
    ║     npx playwright install                                              ║
    ║                                                                         ║
    ║ <3 Playwright Team                                                      ║
    ╚═════════════════════════════════════════════════════════════════════════╝

  21) [gameplay-measurement] › tests/browser/battle.spec.ts:364:1 › three alternating gameplay A/B pairs: turns, blocking, dash, projectile, cancel, CC and multitouch; exports software metrics

    Error: browserType.launch: Executable doesn't exist at /root/.cache/ms-playwright/chromium_headless_shell-1194/chrome-linux/headless_shell
    ╔═════════════════════════════════════════════════════════════════════════╗
    ║ Looks like Playwright Test or Playwright was just installed or updated. ║
    ║ Please run the following command to download new browsers:              ║
    ║                                                                         ║
    ║     npx playwright install                                              ║
    ║                                                                         ║
    ║ <3 Playwright Team                                                      ║
    ╚═════════════════════════════════════════════════════════════════════════╝

  21 failed
    [software-regression] › tests/browser/battle.spec.ts:28:1 › public debug battle composes attacks, projectile, healing/shield, Area and dash via real pointer input
    [software-regression] › tests/browser/battle.spec.ts:58:1 › target lock uses authoritative refs; clearing a held joystick on export or lost capture stops intent
    [software-regression] › tests/browser/battle.spec.ts:140:1 › two CDP touch contacts move and aim/cast; cancellation never spends; pointer loss cleans both contacts
    [software-regression] › tests/browser/battle.spec.ts:213:1 › M3 pause/orientation/blur, explicit resume, 20 recreations and gameplay measurement export
    [software-regression] › tests/browser/battle.spec.ts:279:32 › ultrawide 1503x536 gameplay A: rendered diagonal movement and multi-touch aim line follow CSS finger vectors
    [software-regression] › tests/browser/battle.spec.ts:279:32 › ultrawide 1503x536 gameplay B: rendered diagonal movement and multi-touch aim line follow CSS finger vectors
    [software-regression] › tests/browser/battle.spec.ts:507:32 › toolbar multitouch A: held joystick + control once, authority CC stops and held contact resumes
    [software-regression] › tests/browser/battle.spec.ts:507:32 › toolbar multitouch B: held joystick + control once, authority CC stops and held contact resumes
    [software-regression] › tests/browser/battle.spec.ts:606:1 › toolbar multitouch: held joystick + pause clears pointers, freezes Tick and resumes with neutral intent
    [software-regression] › tests/browser/battle.spec.ts:669:1 › toolbar touch activation counts recreate/mode/export exactly once and emits one download
    [software-regression] › tests/browser/battle.spec.ts:701:1 › toolbar desktop and keyboard/accessibility click each activate once; solo control still uses enemy action
    [software-regression] › tests/browser/battle.spec.ts:737:1 › toolbar control preserves held joystick and skill contacts through a third CDP touch, without casting the held skill
    [software-regression] › tests/browser/battle.spec.ts:816:32 › skill-control region A: 1503x536 CDP joystick + interstitial gap ignores targetLock, battlefield tap preserves lock
    [software-regression] › tests/browser/battle.spec.ts:816:32 › skill-control region B: 1503x536 CDP joystick + interstitial gap ignores targetLock, battlefield tap preserves lock
    [software-regression] › tests/browser/battle.spec.ts:974:1 › skill-control region: concrete bolt still previews and casts through CDP press/drag/release
    [software-regression] › tests/browser/battle.spec.ts:1021:1 › mend shield is exactly 100 on release, pauses without expiry, and expires at release + 60 authority Ticks
    [software-regression] › tests/browser/probe.spec.ts:7:1 › Phaser shell, pause/single-step/resume, report download and no page errors
    [software-regression] › tests/browser/probe.spec.ts:54:1 › two real CDP touch contacts, touchcancel, blur and explicit focus recovery
    [software-regression] › tests/browser/probe.spec.ts:103:1 › portrait pause keeps Session; empty shell, A/B and 20 recreations keep one canvas
    [software-regression] › tests/browser/probe.spec.ts:150:1 › WebGL context loss pauses the same Session and restoration still needs explicit resume
    [gameplay-measurement] › tests/browser/battle.spec.ts:364:1 › three alternating gameplay A/B pairs: turns, blocking, dash, projectile, cancel, CC and multitouch; exports software metrics
